---
source: crates/biome_css_typed/tests/keyword_only.rs
assertion_line: 23
expression: results
---
[
    Ok(
        Visibility(
            Visible,
        ),
    ),
    Ok(
        Visibility(
            Hidden,
        ),
    ),
    Ok(
        Visibility(
            Collapse,
        ),
    ),
]
