---
source: crates/biome_css_typed/tests/padding.rs
expression: results
---
[
    Err(
        CssPropertyDiagnostic {
            kind: InvalidValue,
            range: Some(
                13..17,
            ),
        },
    ),
    Err(
        CssPropertyDiagnostic {
            kind: UnexpectedToken,
            range: Some(
                17..21,
            ),
        },
    ),
    Err(
        CssPropertyDiagnostic {
            kind: InvalidValue,
            range: Some(
                13..20,
            ),
        },
    ),
]
